# domain-tag=lab-game/maze/v1 seed=20260912 radius=6 island_share=0.05 extra_passage_share=0.15 growing_tree_bias=0.5 weights=equal
## equal-weight-region
chunk(0,0).algorithm=kruskal
cell(0,-6)=faces:wall,wall,wall,wall,passage,wall seed:441dd0c68bb2eda0
cell(1,-6)=faces:wall,wall,passage,wall,passage,wall seed:3db42895188d3c90
cell(2,-6)=faces:passage,passage,wall,wall,wall,passage seed:190028dd95e70cf4
cell(3,-6)=faces:passage,wall,wall,passage,wall,wall seed:cb110a9728b2adb1
cell(4,-6)=faces:wall,wall,passage,passage,wall,wall seed:862b3ef690263df0
cell(5,-6)=faces:passage,wall,wall,wall,wall,wall seed:769f60f863c70794
cell(6,-6)=faces:wall,wall,wall,passage,passage,passage seed:f8ffe9664f216ac5
cell(-1,-5)=faces:passage,passage,wall,wall,wall,wall seed:524b8acf767059b9
cell(0,-5)=faces:passage,passage,wall,passage,wall,wall seed:8756166fc1272274
cell(1,-5)=faces:passage,wall,wall,passage,passage,passage seed:3c261a3203ef386f
cell(2,-5)=faces:wall,wall,passage,passage,wall,wall seed:03c0028137074d94
cell(3,-5)=faces:wall,wall,wall,wall,passage,passage seed:35ed314b69ddaa70
cell(4,-5)=faces:wall,wall,wall,wall,wall,wall seed:06c35ff2c965e7b1
cell(5,-5)=faces:wall,passage,wall,wall,wall,wall seed:f20e777d9d82182a
cell(6,-5)=faces:passage,wall,passage,wall,passage,passage seed:d4af0742a7537a1b
cell(-2,-4)=faces:wall,wall,passage,wall,wall,passage seed:75cd4c3a41daf528
cell(-1,-4)=faces:wall,wall,wall,wall,wall,wall seed:baa40bfeec8a2fa2
cell(0,-4)=faces:wall,passage,wall,wall,wall,wall seed:2d5f70b4c72bd2d8
cell(1,-4)=faces:wall,wall,passage,wall,wall,passage seed:7d48a5661937d334
cell(2,-4)=faces:wall,passage,wall,wall,passage,passage seed:e659836cf00c4fed
cell(3,-4)=faces:passage,wall,passage,wall,wall,passage seed:0d4f0b0d9ce6ff0b
cell(4,-4)=faces:wall,wall,wall,passage,passage,wall seed:6900cc8147bf332a
cell(5,-4)=faces:passage,passage,wall,wall,passage,passage seed:ba6cf89ce4fe010f
cell(6,-4)=faces:passage,wall,passage,passage,wall,passage seed:775e8a3463a36653
cell(-3,-3)=faces:wall,wall,passage,wall,wall,passage seed:5cc01fcfaf996b7d
cell(-2,-3)=faces:wall,wall,passage,wall,passage,wall seed:3b86cf5aba61520a
cell(-1,-3)=faces:wall,wall,wall,wall,wall,wall seed:ad1bc2b8158758ec
cell(0,-3)=faces:passage,wall,wall,wall,wall,wall seed:39f6fd001086fb9b
cell(1,-3)=faces:wall,passage,passage,passage,passage,wall seed:fc7f9726db9b43a9
cell(2,-3)=faces:wall,wall,passage,wall,passage,wall seed:97591cdb8c52c7da
cell(3,-3)=faces:wall,passage,passage,wall,passage,passage seed:894f8f118f3c0484
cell(4,-3)=faces:wall,passage,wall,wall,wall,passage seed:b96fb648ce243c4c
cell(5,-3)=faces:wall,wall,passage,wall,passage,wall seed:6186ea3871b61d70
cell(6,-3)=faces:wall,wall,passage,wall,wall,passage seed:fadf3a24fb3e36e0
cell(-4,-2)=faces:wall,wall,wall,wall,passage,passage seed:99d27898a9352ecf
cell(-3,-2)=faces:passage,passage,passage,wall,wall,wall seed:403b20a9940c2808
cell(-2,-2)=faces:wall,wall,wall,passage,passage,wall seed:cd85ddca8e7a8242
cell(-1,-2)=faces:wall,wall,wall,wall,passage,wall seed:82929c11d61e2de1
cell(0,-2)=faces:wall,passage,wall,wall,wall,passage seed:8f0de32a5a23fcae
cell(1,-2)=faces:wall,passage,wall,wall,wall,passage seed:d104eac2e8ed1e32
cell(2,-2)=faces:wall,passage,wall,wall,passage,wall seed:a69319cfa4b75fd8
cell(3,-2)=faces:passage,wall,passage,wall,passage,passage seed:d5cd903d3163c93f
cell(4,-2)=faces:wall,passage,passage,passage,wall,wall seed:8a52f5131b23aa29
cell(5,-2)=faces:passage,wall,wall,wall,wall,wall seed:9e746f09b7cce520
cell(6,-2)=faces:wall,wall,passage,passage,passage,wall seed:ce4649fca12ecf3e
cell(-5,-1)=faces:passage,passage,wall,wall,passage,passage seed:9328799342a9c643
cell(-4,-1)=faces:wall,wall,passage,passage,wall,wall seed:807c4e482e275c1b
cell(-3,-1)=faces:wall,passage,wall,wall,passage,wall seed:16b31c57e420b651
cell(-2,-1)=faces:wall,passage,wall,wall,wall,passage seed:62d7af45110393db
cell(-1,-1)=faces:passage,wall,wall,wall,wall,wall seed:1d963d23a970b00c
cell(0,-1)=faces:wall,wall,passage,passage,passage,wall seed:477f186456d29d4f
cell(1,-1)=faces:passage,passage,passage,wall,passage,wall seed:a11333af7d005d92
cell(2,-1)=faces:wall,passage,wall,passage,wall,passage seed:cfbd1ddcd7622213
cell(3,-1)=faces:wall,wall,passage,wall,wall,passage seed:0619661c46a45df8
cell(4,-1)=faces:passage,wall,wall,wall,wall,passage seed:d96fb61770b5e913
cell(5,-1)=faces:wall,passage,wall,passage,wall,wall seed:fc86fa368132d702
cell(6,-1)=faces:wall,wall,wall,wall,wall,passage seed:1199589e05783582
cell(-6,0)=faces:wall,passage,wall,wall,wall,wall seed:ebf92daa35cc3d9f
cell(-5,0)=faces:passage,wall,passage,wall,wall,wall seed:ad90ea9326b7f070
cell(-4,0)=faces:wall,passage,wall,passage,passage,passage seed:7b067cbec8c3939b
cell(-3,0)=faces:passage,wall,wall,wall,wall,passage seed:6cce0b15fe97ba85
cell(-2,0)=faces:wall,wall,passage,passage,wall,wall seed:6ca3703cbded5606
cell(-1,0)=faces:wall,passage,wall,wall,wall,wall seed:52590a7c326b58db
cell(0,0)=faces:wall,passage,wall,wall,wall,passage seed:331403ab57d985f0
cell(1,0)=faces:passage,wall,wall,wall,wall,wall seed:b06171b3d4f95c2a
cell(2,0)=faces:wall,wall,passage,passage,passage,wall seed:b8ece4e8fd58de2f
cell(3,0)=faces:passage,wall,passage,wall,passage,wall seed:c8380dfac51c8169
cell(4,0)=faces:wall,wall,passage,passage,passage,wall seed:c2e5a1eca51f54b9
cell(5,0)=faces:passage,wall,wall,wall,passage,wall seed:e9a3916dd2472640
cell(6,0)=faces:wall,wall,passage,passage,passage,wall seed:ad58dc6d83f2fc3b
cell(-6,1)=faces:passage,wall,wall,wall,passage,passage seed:d6e48ee0ac7f1263
cell(-5,1)=faces:wall,passage,wall,passage,wall,wall seed:51396a6e83a141a5
cell(-4,1)=faces:passage,wall,passage,wall,wall,passage seed:ff9940fe0e1f5ed8
cell(-3,1)=faces:wall,wall,passage,passage,passage,wall seed:e862bbf32528a5ef
cell(-2,1)=faces:wall,wall,wall,wall,passage,wall seed:0af10e1380868a40
cell(-1,1)=faces:passage,wall,wall,wall,passage,passage seed:0c7387d1a7359586
cell(0,1)=faces:passage,wall,passage,passage,passage,passage seed:7449bfbf5ba7aa5f
cell(1,1)=faces:wall,passage,wall,passage,passage,wall seed:b429f65c7e330fff
cell(2,1)=faces:passage,passage,wall,wall,wall,wall seed:9887fa3eba9248d6
cell(3,1)=faces:wall,passage,wall,passage,wall,passage seed:8ea7c80a40e66509
cell(4,1)=faces:wall,passage,wall,wall,passage,wall seed:274d93537fcbd7ae
cell(5,1)=faces:wall,passage,wall,wall,wall,wall seed:77418df790782efa
cell(-6,2)=faces:wall,wall,passage,wall,passage,passage seed:b8116c447d06e835
cell(-5,2)=faces:wall,wall,wall,wall,wall,wall seed:63f2d59a2ac28944
cell(-4,2)=faces:passage,passage,passage,wall,wall,passage seed:f0840dfcc3a7da37
cell(-3,2)=faces:passage,passage,wall,passage,passage,passage seed:7fd406e80f4eceb4
cell(-2,2)=faces:wall,passage,wall,passage,wall,wall seed:16f81b089c5c221c
cell(-1,2)=faces:passage,passage,passage,wall,passage,passage seed:07b9b580d7d93a9a
cell(0,2)=faces:passage,passage,passage,passage,wall,wall seed:9ec8d9a7399817fe
cell(1,2)=faces:passage,wall,wall,passage,passage,passage seed:c99d3f12c0f85ff5
cell(2,2)=faces:wall,wall,wall,passage,wall,wall seed:0eaaf774824bdd00
cell(3,2)=faces:passage,passage,passage,wall,wall,wall seed:44a73a5cbc38c27a
cell(4,2)=faces:wall,wall,wall,passage,passage,passage seed:36287f85dccb376c
cell(-6,3)=faces:wall,wall,passage,wall,passage,passage seed:08a6c4ae5ec0dcb4
cell(-5,3)=faces:wall,wall,wall,wall,wall,passage seed:d052c40e5a2f96d3
cell(-4,3)=faces:wall,passage,passage,wall,wall,wall seed:7bfbd61b5b35376f
cell(-3,3)=faces:passage,wall,passage,wall,wall,passage seed:8974c5e8cb7bed59
cell(-2,3)=faces:wall,passage,wall,passage,wall,wall seed:1d8b53db089656bf
cell(-1,3)=faces:wall,wall,passage,wall,wall,wall seed:9c08b7051d3d6585
cell(0,3)=faces:wall,passage,wall,wall,wall,passage seed:2ea144eec0354324
cell(1,3)=faces:wall,wall,passage,wall,wall,wall seed:232c9e43ec26aefd
cell(2,3)=faces:wall,wall,wall,wall,wall,wall seed:352d0913aa60ea33
cell(3,3)=faces:wall,passage,wall,wall,passage,wall seed:63fcfa78c0fdd6ef
cell(-6,4)=faces:wall,wall,passage,wall,wall,wall seed:0068fd10d81ace59
cell(-5,4)=faces:wall,wall,passage,wall,wall,passage seed:78df73d804b05952
cell(-4,4)=faces:passage,wall,wall,wall,passage,wall seed:0b9a5c82009c2c8f
cell(-3,4)=faces:wall,wall,passage,passage,passage,wall seed:1a625b4b83dc9124
cell(-2,4)=faces:wall,wall,wall,wall,passage,wall seed:b9e6762e70efb12a
cell(-1,4)=faces:passage,wall,wall,wall,wall,wall seed:fb047b5096dbada6
cell(0,4)=faces:wall,wall,passage,passage,passage,wall seed:24f6856a127d35c5
cell(1,4)=faces:wall,wall,wall,wall,wall,wall seed:8e01858534b3f33e
cell(2,4)=faces:wall,passage,wall,wall,passage,wall seed:f478f9d286108749
cell(-6,5)=faces:wall,wall,wall,wall,wall,passage seed:ec7ace7cefc3e49b
cell(-5,5)=faces:passage,passage,passage,wall,passage,wall seed:96cd03a3f4df7f1e
cell(-4,5)=faces:wall,passage,wall,passage,wall,wall seed:6af5de3549da5afa
cell(-3,5)=faces:passage,passage,wall,wall,passage,passage seed:98e64559909e4ec2
cell(-2,5)=faces:wall,wall,wall,passage,wall,wall seed:40d98fefab5f89ca
cell(-1,5)=faces:wall,passage,wall,wall,wall,passage seed:f625b34a69cf532d
cell(0,5)=faces:wall,wall,wall,wall,wall,passage seed:e56da3c618805f6c
cell(1,5)=faces:wall,passage,wall,wall,passage,passage seed:d4f7bb0d22f477ba
cell(-6,6)=faces:passage,passage,passage,wall,wall,wall seed:dfcb2809cda6f968
cell(-5,6)=faces:passage,wall,wall,passage,wall,wall seed:2658b3f8ee254987
cell(-4,6)=faces:wall,passage,wall,passage,wall,passage seed:1e32b176f2615500
cell(-3,6)=faces:passage,wall,passage,wall,wall,wall seed:2730dfe767380d87
cell(-2,6)=faces:passage,wall,wall,passage,wall,passage seed:5efd3b374ec22024
cell(-1,6)=faces:passage,wall,passage,passage,wall,passage seed:a5be047e6ec1e7aa
cell(0,6)=faces:wall,passage,passage,passage,wall,passage seed:2ed79d3cfb8eb0e1
chunk(-1,-1).algorithm=growing_tree
cell(-19,-7)=faces:wall,wall,passage,wall,wall,passage seed:170894d3542fccc6
cell(-18,-7)=faces:wall,wall,wall,wall,wall,passage seed:928dcf52b5469f26
cell(-17,-7)=faces:wall,wall,passage,wall,passage,wall seed:682721d2ccd73e15
cell(-16,-7)=faces:wall,wall,wall,wall,wall,passage seed:003988d5dd1c670d
cell(-15,-7)=faces:wall,wall,wall,wall,passage,wall seed:8cbf76b05d86b89d
cell(-14,-7)=faces:wall,passage,wall,wall,passage,wall seed:f8422fd23c17f250
cell(-13,-7)=faces:wall,passage,wall,wall,passage,wall seed:36dec42436be0518
cell(-20,-6)=faces:passage,wall,wall,wall,passage,wall seed:1ef9c24773d53c5a
cell(-19,-6)=faces:passage,wall,passage,passage,wall,wall seed:661a72adadaded9a
cell(-18,-6)=faces:passage,passage,passage,passage,wall,wall seed:d35a473cde898be9
cell(-17,-6)=faces:wall,wall,wall,passage,wall,passage seed:9ad7ff32bac4d20c
cell(-16,-6)=faces:wall,passage,passage,wall,wall,passage seed:a0cdbb3e6bfca336
cell(-15,-6)=faces:wall,passage,wall,wall,passage,passage seed:49e4727a9ccce679
cell(-14,-6)=faces:passage,passage,wall,wall,passage,wall seed:211e308130c5c049
cell(-13,-6)=faces:wall,wall,wall,passage,passage,wall seed:cb25434bfc0e84d6
cell(-21,-5)=faces:wall,passage,passage,wall,passage,wall seed:807b527805cbba23
cell(-20,-5)=faces:wall,wall,wall,wall,wall,wall seed:2648fe6342d8a31c
cell(-19,-5)=faces:passage,wall,wall,wall,wall,wall seed:0b8492b247f44f74
cell(-18,-5)=faces:wall,wall,wall,passage,passage,wall seed:4103a67c07960da4
cell(-17,-5)=faces:wall,wall,passage,wall,passage,wall seed:1c1956752728ed83
cell(-16,-5)=faces:wall,passage,passage,wall,passage,wall seed:b7637d0210ca5a45
cell(-15,-5)=faces:wall,passage,passage,wall,wall,passage seed:4a200b591b5e52ff
cell(-14,-5)=faces:passage,passage,wall,wall,wall,wall seed:c936a6be1e9f410b
cell(-13,-5)=faces:wall,passage,wall,passage,passage,passage seed:8501b4ecbc449559
cell(-22,-4)=faces:wall,passage,wall,wall,wall,passage seed:e86ee29ec71e0ec8
cell(-21,-4)=faces:passage,wall,wall,wall,wall,wall seed:a9aca9f3d524347f
cell(-20,-4)=faces:wall,wall,wall,passage,wall,passage seed:0d9d2610f018f351
cell(-19,-4)=faces:wall,passage,wall,wall,passage,passage seed:8dfd103671141417
cell(-18,-4)=faces:passage,passage,wall,wall,wall,passage seed:a97e2f15824e6a35
cell(-17,-4)=faces:wall,passage,wall,passage,passage,passage seed:f5690e66bbcd4730
cell(-16,-4)=faces:wall,wall,wall,wall,passage,wall seed:17598f04b365b72d
cell(-15,-4)=faces:passage,wall,passage,wall,wall,wall seed:0c9496880145c459
cell(-14,-4)=faces:wall,passage,wall,passage,passage,passage seed:e103b2cdf2aea11e
cell(-13,-4)=faces:passage,wall,passage,wall,passage,wall seed:f2301e86625716ff
cell(-23,-3)=faces:passage,wall,passage,wall,passage,wall seed:1cfb8f95bdd8005f
cell(-22,-3)=faces:wall,wall,passage,passage,wall,wall seed:b9945b0a18f328f8
cell(-21,-3)=faces:passage,wall,wall,wall,wall,wall seed:13c512780623e97f
cell(-20,-3)=faces:wall,passage,passage,passage,wall,passage seed:0962945ba9b1892a
cell(-19,-3)=faces:passage,wall,passage,wall,wall,wall seed:c86e743894768381
cell(-18,-3)=faces:passage,passage,passage,passage,wall,wall seed:ffe2e51f1a021ecf
cell(-17,-3)=faces:wall,passage,passage,passage,wall,wall seed:7b1053e91f0fb2a2
cell(-16,-3)=faces:wall,wall,wall,wall,wall,wall seed:58ee72d6065af039
cell(-15,-3)=faces:wall,passage,wall,wall,passage,wall seed:83e8cb3ce836eb08
cell(-14,-3)=faces:passage,passage,passage,wall,wall,wall seed:0fab9c85de548025
cell(-13,-3)=faces:wall,wall,wall,passage,wall,passage seed:a39e843ca3138b3f
cell(-24,-2)=faces:wall,passage,wall,wall,passage,wall seed:8c4c01ade4173d34
cell(-23,-2)=faces:passage,wall,wall,wall,passage,wall seed:8cd8c52c29460629
cell(-22,-2)=faces:passage,wall,wall,passage,wall,wall seed:737bf47ca79de3df
cell(-21,-2)=faces:wall,wall,wall,passage,passage,wall seed:f4cd39a37d8fdba9
cell(-20,-2)=faces:wall,wall,passage,wall,passage,wall seed:6c6e7b820b190e7a
cell(-19,-2)=faces:wall,wall,wall,wall,wall,passage seed:331f9513ce0aaa7c
cell(-18,-2)=faces:wall,wall,wall,wall,passage,wall seed:9b2cc121ba48e6e3
cell(-17,-2)=faces:wall,wall,wall,wall,passage,wall seed:8906d36b3bdc1b77
cell(-16,-2)=faces:wall,passage,wall,wall,passage,wall seed:072f3d7ec15a3be2
cell(-15,-2)=faces:wall,wall,wall,wall,wall,wall seed:723fee07a0aca534
cell(-14,-2)=faces:passage,wall,wall,wall,wall,passage seed:72403661c05d9481
cell(-13,-2)=faces:wall,wall,passage,passage,wall,passage seed:02d07bf73165b3c2
cell(-25,-1)=faces:wall,passage,wall,wall,passage,passage seed:e5e860677db8a688
cell(-24,-1)=faces:passage,passage,wall,wall,wall,wall seed:e696f35489161320
cell(-23,-1)=faces:passage,wall,wall,passage,wall,wall seed:ea58d6ea24aa015b
cell(-22,-1)=faces:passage,passage,wall,passage,passage,wall seed:82d031e4c4d404dc
cell(-21,-1)=faces:passage,passage,wall,passage,wall,wall seed:61b5a81b899eb074
cell(-20,-1)=faces:passage,wall,wall,passage,wall,wall seed:33893b79adcad7e0
cell(-19,-1)=faces:passage,passage,passage,passage,passage,passage seed:fba4b0b880c4e30e
cell(-18,-1)=faces:passage,passage,wall,passage,wall,passage seed:0a22fcc02d421b2b
cell(-17,-1)=faces:wall,passage,wall,passage,wall,wall seed:af75640ef4077d57
cell(-16,-1)=faces:wall,wall,wall,wall,wall,wall seed:095ccad802d356da
cell(-15,-1)=faces:wall,wall,wall,wall,passage,wall seed:f66936c725feb82f
cell(-14,-1)=faces:passage,wall,passage,wall,passage,wall seed:a32f7e5608703cab
cell(-13,-1)=faces:wall,passage,passage,passage,passage,wall seed:3d76efb739092b2a
cell(-25,0)=faces:passage,wall,passage,wall,passage,wall seed:cada3bc066ef43f7
cell(-24,0)=faces:passage,wall,wall,passage,passage,wall seed:562d8f080eae5076
cell(-23,0)=faces:passage,passage,wall,passage,wall,passage seed:291b1e54c666a50c
cell(-22,0)=faces:passage,wall,wall,passage,passage,wall seed:552ec765db4320f5
cell(-21,0)=faces:wall,wall,wall,passage,wall,passage seed:f05351d0ac93bc5c
cell(-20,0)=faces:wall,passage,wall,wall,wall,wall seed:321627cca84ed4b6
cell(-19,0)=faces:passage,wall,passage,wall,wall,wall seed:202ccf45d49560bb
cell(-18,0)=faces:wall,wall,passage,passage,passage,passage seed:9df487de568d6dee
cell(-17,0)=faces:passage,wall,wall,wall,passage,passage seed:a3d63618f8e95d4d
cell(-16,0)=faces:wall,passage,wall,passage,wall,wall seed:3c9fbd4e74388256
cell(-15,0)=faces:wall,passage,wall,wall,wall,passage seed:770a04bf1cd80443
cell(-14,0)=faces:wall,passage,wall,wall,wall,wall seed:7bdadde8a04463f3
cell(-25,1)=faces:wall,passage,wall,wall,wall,wall seed:fe480fb67c25706b
cell(-24,1)=faces:wall,wall,wall,wall,wall,wall seed:f2698d98be3ad91e
cell(-23,1)=faces:passage,passage,passage,wall,passage,passage seed:5c72200fc71885a9
cell(-22,1)=faces:wall,wall,wall,passage,wall,wall seed:cd4603b0fc4cb139
cell(-21,1)=faces:passage,wall,passage,wall,wall,wall seed:fbe465af4f2bd2ae
cell(-20,1)=faces:wall,wall,wall,passage,passage,wall seed:3efd3b9bcac57006
cell(-19,1)=faces:wall,passage,wall,wall,wall,wall seed:a4b854a5df93e08d
cell(-18,1)=faces:wall,passage,passage,wall,passage,passage seed:d53aa815ae90c701
cell(-17,1)=faces:wall,wall,passage,wall,wall,wall seed:899b954e1166c920
cell(-16,1)=faces:passage,wall,wall,wall,passage,wall seed:a686f78aa04ec7f3
cell(-15,1)=faces:passage,wall,passage,passage,passage,wall seed:41f7cf872ed1f6ee
cell(-25,2)=faces:passage,wall,wall,wall,passage,wall seed:8790c8d94f422b9d
cell(-24,2)=faces:wall,passage,wall,passage,passage,passage seed:a4f0e81060881a06
cell(-23,2)=faces:wall,wall,passage,wall,wall,passage seed:6007f189012edc75
cell(-22,2)=faces:passage,wall,wall,wall,wall,wall seed:7c2c5497d5b081eb
cell(-21,2)=faces:wall,passage,wall,passage,wall,passage seed:6329eba3f193eee0
cell(-20,2)=faces:wall,wall,wall,wall,passage,wall seed:4b4a88d1923c0077
cell(-19,2)=faces:passage,passage,wall,wall,passage,wall seed:45b01fb75a1f6f5d
cell(-18,2)=faces:wall,wall,passage,passage,passage,passage seed:59c23d8990b02dfe
cell(-17,2)=faces:wall,passage,wall,wall,passage,wall seed:d8a0fa5bb4bd98bc
cell(-16,2)=faces:wall,passage,wall,wall,passage,wall seed:7b205000fa493019
cell(-25,3)=faces:passage,passage,wall,wall,wall,passage seed:ff440ac13a2b3cbc
cell(-24,3)=faces:wall,wall,passage,passage,wall,wall seed:b805080c963d5d27
cell(-23,3)=faces:wall,wall,passage,wall,wall,passage seed:c7e8106d20365db6
cell(-22,3)=faces:wall,wall,wall,wall,wall,passage seed:93a3f4d0be286b30
cell(-21,3)=faces:passage,passage,passage,wall,wall,wall seed:e667f536ad95a497
cell(-20,3)=faces:wall,passage,wall,passage,passage,wall seed:ef0c1bdace888195
cell(-19,3)=faces:passage,passage,wall,wall,wall,passage seed:19a11dd25c2bacfe
cell(-18,3)=faces:wall,passage,passage,passage,passage,passage seed:cca1ad5e549b34dd
cell(-17,3)=faces:wall,passage,wall,wall,passage,wall seed:483787040fd5888a
cell(-25,4)=faces:passage,wall,passage,wall,wall,passage seed:b3438b3a0ad85ba4
cell(-24,4)=faces:passage,wall,wall,passage,wall,wall seed:8b0bbd335fd429f0
cell(-23,4)=faces:wall,wall,passage,passage,passage,passage seed:4f48e1ac99500d57
cell(-22,4)=faces:passage,wall,passage,wall,wall,wall seed:a1b80bcef8948795
cell(-21,4)=faces:wall,passage,wall,passage,wall,passage seed:0b5681c18ec18b30
cell(-20,4)=faces:wall,wall,wall,wall,wall,wall seed:5347828b259081ab
cell(-19,4)=faces:wall,passage,passage,wall,wall,passage seed:c31b4e650f430b90
cell(-18,4)=faces:passage,passage,passage,wall,wall,wall seed:5a8bcdf72333fda9
cell(-25,5)=faces:wall,wall,passage,wall,wall,wall seed:54bb7da3bf941cf8
cell(-24,5)=faces:wall,passage,wall,wall,passage,wall seed:d0cf863c32f8ed21
cell(-23,5)=faces:passage,wall,passage,wall,wall,wall seed:ab3fa02848167603
cell(-22,5)=faces:wall,wall,wall,passage,passage,wall seed:4971d6da8d8b8173
cell(-21,5)=faces:passage,wall,passage,wall,passage,wall seed:0025a08e9f5debc2
cell(-20,5)=faces:wall,wall,wall,passage,wall,wall seed:653dd2122afd1e0f
cell(-19,5)=faces:wall,wall,passage,wall,wall,wall seed:8b50e168c83a1a88
chunk(0,-1).algorithm=growing_tree
cell(-6,-13)=faces:wall,wall,passage,wall,passage,wall seed:0711604a4accdabd
cell(-5,-13)=faces:passage,wall,wall,wall,passage,wall seed:5195e8d1c2eccab0
cell(-4,-13)=faces:passage,wall,wall,passage,wall,wall seed:46db6120b1c1537c
cell(-3,-13)=faces:passage,passage,wall,passage,passage,wall seed:de2429b7d5ebf47a
cell(-2,-13)=faces:passage,wall,wall,passage,wall,passage seed:190eb3ee0a62a79d
cell(-1,-13)=faces:wall,wall,wall,passage,wall,passage seed:24950ff1171f6bd8
cell(0,-13)=faces:wall,passage,wall,wall,wall,passage seed:c71cdd3da81bdaf5
cell(-7,-12)=faces:wall,passage,wall,wall,passage,passage seed:b62dca24dbc9fa3b
cell(0,-12)=faces:wall,passage,passage,wall,passage,wall seed:9389b0c02466d0ca
cell(-8,-11)=faces:passage,passage,wall,wall,wall,passage seed:11c4c3551f2106cd
cell(0,-11)=faces:wall,wall,wall,passage,wall,wall seed:a98890e575633e2e
cell(-9,-10)=faces:passage,wall,wall,passage,wall,wall seed:abe11877608b3131
cell(0,-10)=faces:wall,passage,wall,wall,passage,wall seed:ef99221ced236a1e
cell(-10,-9)=faces:passage,wall,wall,wall,wall,passage seed:1feebfadf0765c26
cell(0,-9)=faces:wall,wall,wall,passage,wall,passage seed:231ce10ec1fe4d9d
cell(-11,-8)=faces:passage,wall,wall,wall,passage,wall seed:7befec61c337324c
cell(0,-8)=faces:wall,wall,passage,passage,wall,passage seed:68633c348af175f5
cell(-12,-7)=faces:passage,passage,wall,wall,wall,wall seed:e7b3cdec3448cacc
cell(0,-7)=faces:wall,passage,passage,wall,passage,wall seed:695182455d3459d1
cell(-12,-6)=faces:wall,passage,wall,wall,passage,wall seed:f712e615bd113f51
cell(-1,-6)=faces:wall,passage,passage,passage,passage,wall seed:19fc99ce9204298b
cell(-12,-5)=faces:wall,wall,wall,wall,wall,passage seed:68bf9d172f575731
cell(-2,-5)=faces:wall,passage,passage,wall,wall,passage seed:32e4561740721586
cell(-12,-4)=faces:wall,wall,passage,passage,wall,passage seed:696843021154c852
cell(-3,-4)=faces:wall,wall,wall,wall,passage,passage seed:d4dfd594eb2c0e72
cell(-12,-3)=faces:passage,wall,passage,wall,wall,passage seed:b830be63b067c93e
cell(-4,-3)=faces:wall,passage,wall,passage,wall,wall seed:7cf05196860eb18c
cell(-12,-2)=faces:passage,wall,passage,wall,passage,passage seed:0f3473ed062a2b88
cell(-5,-2)=faces:wall,wall,passage,wall,passage,wall seed:0cf414dcc4a69f1a
cell(-12,-1)=faces:passage,wall,passage,wall,wall,passage seed:0f7508be2645a99a
cell(-11,-1)=faces:wall,passage,passage,passage,wall,wall seed:2aa84db613de6585
cell(-10,-1)=faces:passage,wall,wall,wall,wall,wall seed:05dc8eee685a158c
cell(-9,-1)=faces:wall,wall,passage,passage,wall,wall seed:2acddfd9cf60d7c7
cell(-8,-1)=faces:wall,passage,wall,wall,wall,wall seed:3be66163adfec609
cell(-7,-1)=faces:wall,wall,passage,wall,passage,wall seed:64ed56adf0ff6410
cell(-6,-1)=faces:wall,passage,wall,wall,wall,wall seed:7e3072d7ad691dfb
## single-weight-backtracker
chunk(100,0).algorithm=backtracker
cell(1300,-606)=faces:passage,wall,wall,wall,passage,passage seed:48ac313150983fe5
cell(1301,-606)=faces:wall,wall,wall,passage,wall,wall seed:81de3a1795c9c87b
cell(1302,-606)=faces:passage,wall,wall,wall,passage,wall seed:9b609dca92e80f50
cell(1303,-606)=faces:wall,wall,passage,passage,passage,passage seed:702a3c863acfd6f8
cell(1304,-606)=faces:passage,wall,wall,wall,wall,wall seed:58530305eadb4264
cell(1305,-606)=faces:passage,wall,wall,passage,passage,wall seed:35bf95ddd5b51c0b
cell(1306,-606)=faces:wall,wall,passage,passage,wall,passage seed:c1756d0f134a2811
cell(1299,-605)=faces:wall,passage,wall,passage,passage,wall seed:56bd46da411f9bbc
cell(1300,-605)=faces:passage,wall,passage,wall,wall,wall seed:d3b6be73c821e2f9
cell(1301,-605)=faces:passage,passage,wall,passage,wall,wall seed:4424221d795ec3ff
cell(1302,-605)=faces:wall,passage,wall,passage,passage,wall seed:df42149ad0fce063
cell(1303,-605)=faces:passage,wall,passage,wall,wall,wall seed:673a6676240f9951
cell(1304,-605)=faces:wall,passage,wall,passage,wall,wall seed:9dd18567521c6e65
cell(1305,-605)=faces:wall,wall,wall,wall,wall,wall seed:5e1df8fcb6fda872
cell(1306,-605)=faces:wall,wall,passage,wall,passage,wall seed:4edb0d0eee84c8f4
cell(1298,-604)=faces:wall,passage,wall,wall,passage,wall seed:f11bdda03289f0ec
cell(1299,-604)=faces:passage,wall,wall,wall,passage,wall seed:9d1341d222ce812b
cell(1300,-604)=faces:wall,wall,wall,passage,wall,passage seed:58381d02fce996ba
cell(1301,-604)=faces:passage,passage,wall,wall,wall,wall seed:6bf0a7d427777d48
cell(1302,-604)=faces:passage,wall,wall,passage,wall,wall seed:18c16559adb940ce
cell(1303,-604)=faces:wall,wall,wall,passage,passage,wall seed:dde570bcff105c72
cell(1304,-604)=faces:passage,wall,wall,wall,wall,wall seed:99ab9addd192c09e
cell(1305,-604)=faces:passage,passage,wall,passage,wall,wall seed:4e0f819010e95b10
cell(1306,-604)=faces:wall,wall,wall,passage,wall,passage seed:51f964e9441be778
cell(1297,-603)=faces:wall,passage,wall,wall,passage,wall seed:34ecd75a5f46f70b
cell(1298,-603)=faces:passage,passage,wall,wall,passage,wall seed:1cbabe7de445ac5f
cell(1299,-603)=faces:passage,wall,wall,passage,passage,wall seed:b7e47a44983544c7
cell(1300,-603)=faces:passage,wall,passage,passage,wall,wall seed:00b4ac3c0b49a845
cell(1301,-603)=faces:wall,wall,wall,passage,wall,passage seed:d026680ee0d859dc
cell(1302,-603)=faces:passage,passage,wall,wall,wall,wall seed:1eac0c7ca90c678b
cell(1303,-603)=faces:passage,wall,wall,passage,wall,wall seed:11a57dd27efa1b88
cell(1304,-603)=faces:passage,wall,wall,passage,wall,wall seed:0fd1368796a79819
cell(1305,-603)=faces:wall,wall,wall,passage,passage,wall seed:f347688aba545b12
cell(1306,-603)=faces:wall,wall,passage,wall,wall,passage seed:99a3943366a424ae
cell(1296,-602)=faces:wall,passage,passage,wall,passage,wall seed:e6e5537defb4be96
cell(1297,-602)=faces:wall,passage,wall,wall,wall,passage seed:95fd63722ae501f3
cell(1298,-602)=faces:passage,passage,wall,wall,wall,wall seed:0ab04649cf08da29
cell(1299,-602)=faces:passage,wall,wall,passage,wall,wall seed:66bb82cc87faa044
cell(1300,-602)=faces:wall,wall,wall,passage,passage,wall seed:de234b63e390e0f2
cell(1301,-602)=faces:wall,wall,passage,wall,wall,passage seed:158884da56b38c87
cell(1302,-602)=faces:passage,wall,wall,wall,wall,passage seed:c9c085a6d9b040de
cell(1303,-602)=faces:passage,wall,wall,passage,wall,wall seed:6fa3dc0a94baa970
cell(1304,-602)=faces:wall,passage,wall,passage,wall,wall seed:f8db05a8ab50b9a0
cell(1305,-602)=faces:passage,wall,wall,wall,wall,passage seed:98b76abd50c86c7d
cell(1306,-602)=faces:passage,wall,passage,passage,wall,wall seed:3a63de54fc795b2f
cell(1295,-601)=faces:wall,passage,wall,wall,passage,passage seed:8afe430aec0c5764
cell(1296,-601)=faces:wall,wall,wall,wall,passage,passage seed:6bcd3e94a72b910f
cell(1297,-601)=faces:wall,wall,passage,wall,passage,wall seed:46e61d457c4dc192
cell(1298,-601)=faces:passage,wall,wall,wall,wall,passage seed:cb5c36f385c720e8
cell(1299,-601)=faces:wall,passage,wall,passage,wall,wall seed:10b8e5d49897ee3e
cell(1300,-601)=faces:passage,wall,wall,wall,passage,wall seed:1ba91782b2a226c9
cell(1301,-601)=faces:wall,wall,passage,passage,wall,wall seed:0e4b889d0b15218f
cell(1302,-601)=faces:wall,wall,passage,wall,wall,passage seed:2dda786063eabf28
cell(1303,-601)=faces:wall,wall,wall,wall,wall,wall seed:848639b9fd50d289
cell(1304,-601)=faces:wall,wall,wall,wall,passage,wall seed:21981cb42b7a424b
cell(1305,-601)=faces:passage,wall,passage,wall,wall,passage seed:cb1a99f4e5377dae
cell(1306,-601)=faces:wall,wall,wall,passage,wall,passage seed:1576bd4aa1c1dc96
cell(1294,-600)=faces:wall,passage,passage,wall,wall,passage seed:35e45412a55cb149
cell(1295,-600)=faces:wall,passage,passage,wall,passage,passage seed:5e06da53c812dd25
cell(1296,-600)=faces:passage,passage,passage,wall,wall,passage seed:920b3ca62af014c1
cell(1297,-600)=faces:wall,wall,wall,passage,passage,passage seed:17ca1567f6b32338
cell(1298,-600)=faces:wall,wall,passage,wall,passage,wall seed:b5c8f1f43a398e84
cell(1299,-600)=faces:passage,passage,wall,wall,wall,wall seed:ef0532944e09414a
cell(1300,-600)=faces:wall,wall,wall,passage,wall,wall seed:1fb792f35038b9a2
cell(1301,-600)=faces:wall,wall,wall,wall,wall,wall seed:237de66b3b1c01de
cell(1302,-600)=faces:wall,wall,passage,wall,passage,wall seed:1c54651dd1fbffda
cell(1303,-600)=faces:wall,passage,wall,wall,wall,passage seed:18dfb099600bccc5
cell(1304,-600)=faces:wall,wall,wall,wall,wall,wall seed:d534448fc4cdcff5
cell(1305,-600)=faces:wall,wall,passage,wall,passage,passage seed:dc37e06a287fc60f
cell(1306,-600)=faces:passage,wall,passage,wall,passage,wall seed:def42d3b9945d067
cell(1294,-599)=faces:wall,passage,passage,wall,passage,passage seed:f2da6cdd2b8da8f8
cell(1295,-599)=faces:wall,wall,passage,wall,passage,passage seed:d33caf2638402d22
cell(1296,-599)=faces:passage,passage,passage,wall,passage,wall seed:1bc5bd87281a4026
cell(1297,-599)=faces:passage,passage,passage,passage,passage,wall seed:3749c673d7cf1fda
cell(1298,-599)=faces:wall,wall,wall,passage,passage,passage seed:ebe29c3ac7f777dc
cell(1299,-599)=faces:wall,wall,wall,wall,passage,passage seed:29113a368d2b5460
cell(1300,-599)=faces:passage,wall,wall,wall,wall,passage seed:f804839378ae5344
cell(1301,-599)=faces:wall,passage,wall,passage,wall,wall seed:11d7ae46e30fe347
cell(1302,-599)=faces:wall,wall,wall,wall,wall,wall seed:92c501210678c455
cell(1303,-599)=faces:wall,wall,passage,wall,wall,passage seed:e53ccd2ad6f7b96c
cell(1304,-599)=faces:wall,passage,wall,wall,passage,wall seed:24514c3898d0705b
cell(1305,-599)=faces:passage,passage,passage,wall,wall,wall seed:2548b2f43fffa0ec
cell(1294,-598)=faces:wall,passage,passage,wall,passage,wall seed:2d3713ab09a567e4
cell(1295,-598)=faces:wall,passage,passage,wall,wall,passage seed:399e2dae208d5faf
cell(1296,-598)=faces:wall,passage,wall,wall,wall,wall seed:b3e27dd63431f71f
cell(1297,-598)=faces:wall,passage,wall,wall,passage,passage seed:dd88e49c98bc0245
cell(1298,-598)=faces:wall,passage,passage,wall,wall,wall seed:7b4370274fdf8eb3
cell(1299,-598)=faces:wall,wall,passage,wall,passage,wall seed:5da7c4c05b8b636f
cell(1300,-598)=faces:passage,wall,passage,wall,wall,passage seed:f1976d5e238ecde2
cell(1301,-598)=faces:passage,wall,wall,passage,wall,passage seed:e59b4adbf714e81b
cell(1302,-598)=faces:passage,wall,wall,passage,passage,wall seed:5d1d0de3b4fb4541
cell(1303,-598)=faces:passage,passage,passage,passage,wall,wall seed:1fc97bc02278c9cd
cell(1304,-598)=faces:passage,wall,wall,passage,wall,wall seed:1c54f12198cf55cd
cell(1294,-597)=faces:passage,wall,wall,wall,wall,passage seed:805485e5576b000a
cell(1295,-597)=faces:wall,wall,passage,passage,wall,passage seed:dcc218c83aa76b92
cell(1296,-597)=faces:wall,passage,wall,wall,wall,passage seed:07ab7551dcc57dbc
cell(1297,-597)=faces:passage,wall,passage,wall,wall,wall seed:886ea1b4c855b55f
cell(1298,-597)=faces:wall,passage,wall,passage,wall,wall seed:5170e877e89895d8
cell(1299,-597)=faces:wall,wall,wall,wall,passage,wall seed:b33183a1438529ca
cell(1300,-597)=faces:wall,wall,passage,wall,passage,wall seed:3346fbda040b7249
cell(1301,-597)=faces:passage,passage,passage,wall,wall,passage seed:c9db24c9381cc863
cell(1302,-597)=faces:passage,wall,wall,passage,wall,wall seed:3d6c7eb5a5a2d503
cell(1303,-597)=faces:wall,wall,wall,passage,passage,wall seed:6dfbb28e52a33991
cell(1294,-596)=faces:wall,wall,passage,wall,wall,passage seed:d529abf43ad4eb71
cell(1295,-596)=faces:passage,wall,passage,wall,wall,wall seed:e3a49bb21b801437
cell(1296,-596)=faces:wall,wall,passage,passage,wall,wall seed:8b6284544d318fbf
cell(1297,-596)=faces:passage,wall,wall,wall,wall,passage seed:f10b18a2a6771437
cell(1298,-596)=faces:passage,passage,wall,passage,wall,wall seed:f0e981e1264f57f2
cell(1299,-596)=faces:wall,passage,wall,passage,wall,wall seed:6832617bab30c4ee
cell(1300,-596)=faces:passage,wall,wall,wall,passage,passage seed:b1ec98b5b7d3158f
cell(1301,-596)=faces:wall,wall,passage,passage,wall,passage seed:2d6d4fa7fc74c1fb
cell(1302,-596)=faces:wall,passage,wall,wall,passage,wall seed:0d38e69985f77429
cell(1294,-595)=faces:wall,wall,passage,passage,wall,passage seed:62a4344cc2dbd871
cell(1295,-595)=faces:wall,wall,wall,wall,wall,wall seed:904ea0a2943cec08
cell(1296,-595)=faces:wall,wall,wall,wall,passage,passage seed:87cf3d5e5d99aabb
cell(1297,-595)=faces:passage,wall,passage,wall,wall,wall seed:2f8aae21a1f7906c
cell(1298,-595)=faces:wall,wall,wall,passage,passage,passage seed:af62f6c52aa1243e
cell(1299,-595)=faces:passage,passage,wall,wall,wall,wall seed:94725cf603c02bd6
cell(1300,-595)=faces:wall,wall,passage,passage,wall,passage seed:a8b20bc876bf03c3
cell(1301,-595)=faces:wall,passage,passage,wall,passage,wall seed:63f001d6b4fcafed
cell(1294,-594)=faces:passage,wall,passage,wall,wall,passage seed:3916cb47b9f7f058
cell(1295,-594)=faces:wall,passage,wall,passage,wall,wall seed:67f62d572aac5fc4
cell(1296,-594)=faces:passage,wall,passage,wall,wall,wall seed:83280fcbee55b887
cell(1297,-594)=faces:wall,passage,wall,passage,passage,wall seed:d532d05809c3ebc8
cell(1298,-594)=faces:passage,wall,passage,wall,wall,wall seed:27f7154dbe54627f
cell(1299,-594)=faces:passage,wall,wall,passage,wall,wall seed:971da5acab38ee62
cell(1300,-594)=faces:wall,passage,passage,passage,passage,wall seed:074309597e4cc72c
## single-weight-kruskal
chunk(101,0).algorithm=kruskal
cell(1313,-612)=faces:wall,wall,wall,passage,passage,wall seed:613d5cea8e8e4d54
cell(1314,-612)=faces:passage,wall,wall,wall,passage,wall seed:97972ee809a51fe7
cell(1315,-612)=faces:wall,wall,passage,passage,wall,passage seed:cc33ec9fcd75e81a
cell(1316,-612)=faces:passage,wall,passage,wall,wall,passage seed:bc0c2f3c9a877042
cell(1317,-612)=faces:wall,wall,wall,passage,passage,wall seed:8cfd88605a6b0993
cell(1318,-612)=faces:wall,wall,wall,wall,wall,passage seed:b3e2975f2bd1bb19
cell(1319,-612)=faces:wall,wall,wall,wall,passage,wall seed:5f346caac75f2306
cell(1312,-611)=faces:wall,passage,wall,wall,wall,passage seed:19b98fb8692a5430
cell(1313,-611)=faces:passage,passage,wall,wall,passage,passage seed:fe8539d71e663039
cell(1314,-611)=faces:wall,wall,wall,passage,wall,passage seed:9315da5d1102cdf3
cell(1315,-611)=faces:wall,wall,passage,wall,wall,passage seed:59eadfce5d647520
cell(1316,-611)=faces:wall,passage,passage,wall,passage,wall seed:64c185c21966f26f
cell(1317,-611)=faces:wall,wall,wall,wall,wall,wall seed:d58ad897d23337cf
cell(1318,-611)=faces:passage,passage,passage,wall,wall,wall seed:b3f66c07727fadc6
cell(1319,-611)=faces:wall,wall,wall,passage,passage,wall seed:fd5dbbfac2b5ed91
cell(1311,-610)=faces:passage,wall,passage,wall,wall,wall seed:fecd7f6a4bdecfe1
cell(1312,-610)=faces:wall,passage,passage,passage,passage,passage seed:650a03aa65ac5c42
cell(1313,-610)=faces:passage,wall,passage,wall,wall,wall seed:766762eba14ae54f
cell(1314,-610)=faces:passage,wall,passage,passage,wall,wall seed:c6998314f47ffdad
cell(1315,-610)=faces:wall,passage,passage,passage,passage,wall seed:60eada2c9c722fcd
cell(1316,-610)=faces:wall,wall,wall,wall,wall,wall seed:6ca0e037c70cf906
cell(1317,-610)=faces:wall,wall,wall,wall,wall,wall seed:c59a1b91a52636dc
cell(1318,-610)=faces:wall,passage,wall,wall,passage,passage seed:cda33196b75201ba
cell(1319,-610)=faces:wall,wall,wall,wall,passage,wall seed:e2e9fce950551acf
cell(1310,-609)=faces:wall,wall,wall,passage,wall,passage seed:1e7217cbd4f8156d
cell(1311,-609)=faces:wall,passage,wall,wall,wall,wall seed:16c7784725020048
cell(1312,-609)=faces:wall,wall,passage,wall,wall,passage seed:bbe4de6928c21c88
cell(1313,-609)=faces:passage,wall,wall,wall,passage,passage seed:77f2df854731dd5d
cell(1314,-609)=faces:passage,passage,wall,passage,wall,wall seed:ccd2d7821df53f2b
cell(1315,-609)=faces:passage,wall,wall,passage,wall,wall seed:02512d7a51324170
cell(1316,-609)=faces:passage,wall,wall,passage,wall,passage seed:23c62a2c0dd69cda
cell(1317,-609)=faces:wall,passage,wall,passage,wall,wall seed:d446d5e1d573f3e3
cell(1318,-609)=faces:wall,passage,passage,wall,passage,passage seed:c80cdc7b80597d35
cell(1319,-609)=faces:wall,wall,wall,wall,passage,passage seed:a68f7767662a4daf
cell(1309,-608)=faces:passage,wall,wall,wall,wall,passage seed:54a69c0e60929830
cell(1310,-608)=faces:passage,wall,passage,passage,wall,wall seed:45de3df5dd21ff94
cell(1311,-608)=faces:wall,wall,wall,passage,passage,passage seed:4f4bdaf0dcefcd76
cell(1312,-608)=faces:wall,passage,passage,wall,wall,passage seed:02930debf132e758
cell(1313,-608)=faces:passage,wall,passage,wall,wall,wall seed:e676825bd1b16d90
cell(1314,-608)=faces:wall,wall,wall,passage,passage,wall seed:e8f51a5d36cf851d
cell(1315,-608)=faces:passage,wall,wall,wall,passage,wall seed:b94a79aef0b73294
cell(1316,-608)=faces:wall,wall,passage,passage,passage,wall seed:a2567856d2ee4ffa
cell(1317,-608)=faces:wall,passage,wall,wall,wall,wall seed:a50c9a407666562a
cell(1318,-608)=faces:wall,passage,passage,wall,wall,passage seed:f6538c5c0b53dfdb
cell(1319,-608)=faces:passage,wall,passage,wall,wall,passage seed:115408cce9a30242
cell(1308,-607)=faces:passage,wall,wall,wall,wall,passage seed:810c31e428157861
cell(1309,-607)=faces:wall,wall,passage,passage,passage,wall seed:e1a9af2285f2b832
cell(1310,-607)=faces:wall,passage,wall,wall,wall,wall seed:c5e61cad4416a757
cell(1311,-607)=faces:passage,wall,passage,wall,wall,wall seed:a49b4056371cc54a
cell(1312,-607)=faces:passage,wall,passage,passage,wall,passage seed:12c8cf62746e0a5a
cell(1313,-607)=faces:passage,passage,wall,passage,wall,wall seed:ce8f1e12ab3abbfc
cell(1314,-607)=faces:passage,passage,wall,passage,passage,wall seed:09bb7304f46cad18
cell(1315,-607)=faces:wall,passage,wall,passage,passage,passage seed:379ca32990d94c80
cell(1316,-607)=faces:wall,wall,wall,wall,wall,passage seed:bb93855c4d5368be
cell(1317,-607)=faces:wall,wall,wall,wall,passage,wall seed:344e14824463c852
cell(1318,-607)=faces:passage,wall,passage,wall,wall,passage seed:308bda1b968a1016
cell(1319,-607)=faces:wall,wall,passage,passage,wall,passage seed:8fc0c69255018802
cell(1307,-606)=faces:passage,wall,wall,wall,wall,wall seed:9a4dac001fe37701
cell(1308,-606)=faces:wall,passage,passage,passage,wall,passage seed:4a76b047aa0f73df
cell(1309,-606)=faces:passage,wall,wall,wall,wall,wall seed:5825b4a5a92ef45c
cell(1310,-606)=faces:passage,wall,wall,passage,passage,passage seed:18ba8e76d75757bb
cell(1311,-606)=faces:wall,wall,wall,passage,wall,passage seed:f2c789ed777e5818
cell(1312,-606)=faces:passage,wall,passage,wall,passage,passage seed:afd338f1d3ce98d8
cell(1313,-606)=faces:wall,passage,wall,passage,wall,wall seed:086d8c82cef2c817
cell(1314,-606)=faces:wall,passage,wall,wall,wall,wall seed:e9f3f26788f30733
cell(1315,-606)=faces:passage,wall,passage,wall,wall,wall seed:788a6ac26f254161
cell(1316,-606)=faces:wall,passage,passage,passage,wall,passage seed:25c516553aec5f7f
cell(1317,-606)=faces:wall,wall,wall,wall,wall,wall seed:724a675416cbb2a2
cell(1318,-606)=faces:wall,wall,passage,wall,wall,passage seed:66e72874d4bfc712
cell(1319,-606)=faces:wall,passage,passage,wall,wall,wall seed:25db6593edbe0661
cell(1307,-605)=faces:passage,wall,wall,wall,wall,wall seed:ecb7d167b01e6ce5
cell(1308,-605)=faces:wall,wall,passage,passage,passage,passage seed:f8de1161e1860e6f
cell(1309,-605)=faces:wall,passage,wall,wall,wall,wall seed:c18a02f6c60a6cd4
cell(1310,-605)=faces:passage,wall,passage,wall,wall,wall seed:3bd65b1dce90dee2
cell(1311,-605)=faces:wall,passage,passage,passage,wall,wall seed:7995162cbc5d37eb
cell(1312,-605)=faces:passage,wall,passage,wall,wall,passage seed:9ab4b50f55e4b2ca
cell(1313,-605)=faces:wall,wall,wall,passage,passage,wall seed:ee60aa21ffe913d6
cell(1314,-605)=faces:passage,wall,wall,wall,wall,wall seed:57115beebf365557
cell(1315,-605)=faces:wall,wall,wall,passage,passage,passage seed:2958c7f4e8955fdb
cell(1316,-605)=faces:passage,wall,passage,wall,passage,wall seed:f02dbcec05173808
cell(1317,-605)=faces:passage,wall,wall,passage,passage,wall seed:2fcff926d73edeba
cell(1318,-605)=faces:passage,wall,passage,passage,passage,wall seed:25aab1d5364ba7cf
cell(1307,-604)=faces:wall,passage,wall,wall,wall,wall seed:e64ec84b95238b8b
cell(1308,-604)=faces:wall,wall,passage,wall,passage,wall seed:da913c3055fc9871
cell(1309,-604)=faces:passage,wall,wall,wall,passage,wall seed:be8594195633cce6
cell(1310,-604)=faces:passage,wall,wall,passage,wall,passage seed:03cc52951c81279a
cell(1311,-604)=faces:wall,wall,wall,passage,wall,passage seed:139d97ef216f9424
cell(1312,-604)=faces:passage,passage,passage,wall,passage,wall seed:9f915f0f599707bf
cell(1313,-604)=faces:wall,wall,wall,passage,passage,wall seed:4a1520f7d0c69a7e
cell(1314,-604)=faces:wall,passage,wall,wall,wall,wall seed:ec7f5bc506ccd5a7
cell(1315,-604)=faces:wall,passage,passage,wall,wall,passage seed:b965c0b7341136fa
cell(1316,-604)=faces:wall,passage,wall,wall,wall,passage seed:300451cae5d9cdfd
cell(1317,-604)=faces:wall,passage,wall,wall,wall,wall seed:a3d83057885d57f2
cell(1307,-603)=faces:passage,passage,wall,wall,wall,passage seed:9b92b6a7d28377fe
cell(1308,-603)=faces:wall,passage,wall,passage,wall,wall seed:38b644b57138a770
cell(1309,-603)=faces:wall,wall,wall,wall,passage,wall seed:2b26ccc76c9111ae
cell(1310,-603)=faces:wall,wall,passage,wall,passage,passage seed:fd87938edf8a3d50
cell(1311,-603)=faces:wall,passage,passage,wall,wall,wall seed:718af44b855772c7
cell(1312,-603)=faces:wall,passage,wall,wall,passage,passage seed:cf0c770c09bf3ef1
cell(1313,-603)=faces:passage,wall,wall,wall,passage,wall seed:bf178399e68b287c
cell(1314,-603)=faces:wall,wall,wall,passage,wall,wall seed:70e1a890cb22211d
cell(1315,-603)=faces:wall,wall,passage,wall,wall,wall seed:991ed62c885a16eb
cell(1316,-603)=faces:passage,wall,passage,wall,wall,wall seed:b7c6a6360e467621
cell(1307,-602)=faces:wall,wall,passage,passage,wall,wall seed:7bdba8ec02046704
cell(1308,-602)=faces:passage,passage,wall,wall,passage,wall seed:6d1046a7bdc4458b
cell(1309,-602)=faces:wall,passage,wall,passage,passage,passage seed:a6ab2d81f6bc7370
cell(1310,-602)=faces:passage,wall,passage,wall,wall,passage seed:7478e63c7263be46
cell(1311,-602)=faces:wall,passage,wall,passage,wall,wall seed:451e9bde7cc6b9f9
cell(1312,-602)=faces:passage,passage,passage,wall,wall,wall seed:c61568338a9cb880
cell(1313,-602)=faces:wall,wall,wall,passage,wall,passage seed:82094c0eee7b083b
cell(1314,-602)=faces:wall,wall,wall,wall,wall,wall seed:a99d94ff23114a18
cell(1315,-602)=faces:wall,wall,wall,wall,passage,wall seed:90c386aee95bd3e8
cell(1307,-601)=faces:wall,passage,wall,wall,wall,passage seed:7029661217014719
cell(1308,-601)=faces:passage,passage,wall,wall,wall,wall seed:a23058c04ac9b3af
cell(1309,-601)=faces:wall,wall,passage,passage,passage,wall seed:b52730abe6803ee7
cell(1310,-601)=faces:wall,wall,passage,wall,passage,passage seed:3d25040a80f4df03
cell(1311,-601)=faces:wall,wall,wall,wall,wall,wall seed:cffa718a992e3037
cell(1312,-601)=faces:wall,wall,wall,wall,passage,passage seed:c6dd5a7011cd9e95
cell(1313,-601)=faces:passage,wall,passage,wall,passage,passage seed:1837b3ab9a5f1a58
cell(1314,-601)=faces:wall,passage,wall,passage,wall,wall seed:b76e88f6b893e245
cell(1307,-600)=faces:wall,wall,passage,passage,wall,wall seed:fdb6595e0cf3908b
cell(1308,-600)=faces:wall,passage,wall,wall,wall,passage seed:c125b19c6b19f071
cell(1309,-600)=faces:wall,passage,wall,wall,wall,wall seed:0084e8900e02e3ec
cell(1310,-600)=faces:wall,wall,passage,wall,passage,wall seed:a490348b4a12aa13
cell(1311,-600)=faces:passage,passage,wall,wall,wall,wall seed:4d1528fd1cf59ed5
cell(1312,-600)=faces:passage,passage,passage,passage,passage,wall seed:119064dc5d44b4cf
cell(1313,-600)=faces:wall,wall,passage,passage,wall,passage seed:fd9b6665d76d135a
## single-weight-prim
chunk(102,0).algorithm=prim
cell(1326,-618)=faces:passage,wall,wall,wall,wall,wall seed:228e4a6c3f7c7ef1
cell(1327,-618)=faces:passage,wall,wall,passage,wall,passage seed:eaddb30f7147064f
cell(1328,-618)=faces:passage,wall,passage,passage,passage,wall seed:b044677a25bf0bd7
cell(1329,-618)=faces:passage,wall,wall,passage,passage,wall seed:9cd064f3f0e2e841
cell(1330,-618)=faces:passage,wall,wall,passage,wall,wall seed:b6284dc6ec98de7d
cell(1331,-618)=faces:wall,wall,passage,passage,passage,passage seed:7b22644b9693d4f3
cell(1332,-618)=faces:wall,wall,wall,wall,wall,passage seed:67f2080bb4f62103
cell(1325,-617)=faces:wall,wall,wall,wall,wall,passage seed:3288c4329017fa5f
cell(1326,-617)=faces:wall,wall,wall,wall,passage,wall seed:ce35f2eddb4111c0
cell(1327,-617)=faces:wall,passage,passage,wall,wall,wall seed:db5292d9cfbdd8e1
cell(1328,-617)=faces:passage,passage,wall,wall,wall,wall seed:ed6241758052aecb
cell(1329,-617)=faces:wall,wall,wall,passage,wall,passage seed:64ddbbe018959437
cell(1330,-617)=faces:wall,passage,wall,wall,wall,passage seed:79e4548469c0b9ef
cell(1331,-617)=faces:wall,wall,passage,wall,wall,passage seed:3aea537783ec1a21
cell(1332,-617)=faces:wall,wall,passage,wall,passage,wall seed:326b7176d3b3f672
cell(1324,-616)=faces:passage,wall,passage,wall,passage,wall seed:a06de9e2d574e6f7
cell(1325,-616)=faces:wall,passage,passage,passage,passage,passage seed:fcfe14c0afd507ee
cell(1326,-616)=faces:wall,wall,wall,wall,wall,wall seed:0552086d1a152f44
cell(1327,-616)=faces:passage,wall,wall,wall,passage,wall seed:ab064515eecc2fd4
cell(1328,-616)=faces:wall,wall,wall,passage,wall,passage seed:f1b9bae9f82c3dfc
cell(1329,-616)=faces:wall,wall,passage,wall,passage,wall seed:5e3fa7d2d73c9e0f
cell(1330,-616)=faces:wall,wall,passage,wall,passage,wall seed:d5b863066c4e8c2d
cell(1331,-616)=faces:wall,passage,passage,wall,wall,passage seed:5a4ec067d5ac31f3
cell(1332,-616)=faces:wall,passage,wall,wall,passage,passage seed:86cda9f49a21ca21
cell(1323,-615)=faces:wall,passage,wall,wall,passage,wall seed:aa4825a180489e9b
cell(1324,-615)=faces:passage,passage,wall,wall,wall,passage seed:cd5ef3a6d6ee6edb
cell(1325,-615)=faces:passage,wall,passage,passage,wall,passage seed:45cb1c0036887691
cell(1326,-615)=faces:wall,passage,wall,passage,passage,passage seed:369935e1ab35e6b8
cell(1327,-615)=faces:wall,wall,wall,wall,wall,wall seed:d19aeed08503f316
cell(1328,-615)=faces:wall,passage,passage,wall,passage,wall seed:0407880421e855cb
cell(1329,-615)=faces:wall,passage,wall,wall,wall,passage seed:444d2b0086301e98
cell(1330,-615)=faces:passage,wall,wall,wall,passage,wall seed:2e6140b52c628b23
cell(1331,-615)=faces:passage,passage,passage,passage,wall,wall seed:819524fb3d17eb05
cell(1332,-615)=faces:wall,wall,passage,passage,passage,passage seed:c8d461bd0bf3e20f
cell(1322,-614)=faces:wall,passage,wall,passage,wall,wall seed:108df7f3aa0080ef
cell(1323,-614)=faces:wall,wall,wall,wall,wall,wall seed:20ece0ce8e586dfa
cell(1324,-614)=faces:wall,wall,passage,wall,wall,wall seed:cd2db2eea7f2adc2
cell(1325,-614)=faces:passage,passage,passage,wall,passage,wall seed:6ab1ac9b7069338c
cell(1326,-614)=faces:passage,wall,passage,passage,passage,wall seed:33f9f5dd9e50f32b
cell(1327,-614)=faces:passage,passage,wall,passage,passage,wall seed:f615a30f46066e17
cell(1328,-614)=faces:passage,wall,wall,passage,passage,wall seed:86835d5aaf1955f9
cell(1329,-614)=faces:passage,passage,passage,passage,wall,passage seed:0cafc15b15b250a2
cell(1330,-614)=faces:wall,wall,wall,passage,wall,passage seed:01f94b6ff06deabf
cell(1331,-614)=faces:wall,passage,wall,wall,wall,wall seed:e1301a5ea78b073e
cell(1332,-614)=faces:passage,wall,passage,wall,passage,passage seed:15b287fdc70804a2
cell(1321,-613)=faces:passage,wall,wall,wall,wall,wall seed:588287fc5c87cf0a
cell(1322,-613)=faces:wall,wall,wall,passage,passage,passage seed:1d864be6ff7c12cd
cell(1323,-613)=faces:wall,wall,wall,wall,wall,passage seed:c821b368a8b1f353
cell(1324,-613)=faces:wall,passage,wall,wall,passage,passage seed:110f7f49546680ab
cell(1325,-613)=faces:wall,passage,wall,wall,wall,wall seed:9eceb44a74f87043
cell(1326,-613)=faces:wall,passage,wall,wall,wall,passage seed:7751cab22c6a3d1c
cell(1327,-613)=faces:passage,passage,wall,wall,passage,wall seed:5e8506d10da9a3f4
cell(1328,-613)=faces:wall,wall,wall,passage,wall,wall seed:03642b449d24873a
cell(1329,-613)=faces:wall,wall,passage,wall,passage,wall seed:865bfcd5a8855a6a
cell(1330,-613)=faces:wall,wall,passage,wall,wall,wall seed:b3ec230e23d028b0
cell(1331,-613)=faces:wall,passage,wall,wall,passage,wall seed:65a51f3e8164c0cc
cell(1332,-613)=faces:passage,wall,passage,wall,wall,passage seed:82298a042a7f8ef7
cell(1320,-612)=faces:wall,wall,wall,wall,wall,passage seed:9f30dc07ed6dfb51
cell(1321,-612)=faces:wall,passage,wall,wall,passage,wall seed:6051fac588e503af
cell(1322,-612)=faces:wall,wall,passage,wall,passage,wall seed:682822acd8e2e79e
cell(1323,-612)=faces:wall,passage,passage,wall,wall,passage seed:aebe4057c0331a28
cell(1324,-612)=faces:passage,wall,passage,wall,wall,wall seed:de1c48d788bc7b3b
cell(1325,-612)=faces:wall,wall,wall,passage,wall,passage seed:3c08f646048277ea
cell(1326,-612)=faces:wall,passage,passage,wall,passage,passage seed:237882dabfadfa01
cell(1327,-612)=faces:passage,wall,wall,wall,wall,passage seed:cc4881e1e32b4792
cell(1328,-612)=faces:wall,passage,wall,passage,wall,passage seed:5bfdbccc7ea35b4b
cell(1329,-612)=faces:wall,wall,wall,wall,wall,passage seed:6f18598a60c1eb2d
cell(1330,-612)=faces:wall,passage,wall,wall,passage,wall seed:5b9b412197cb69c4
cell(1331,-612)=faces:wall,wall,wall,wall,passage,wall seed:08cdfb48ddef987c
cell(1332,-612)=faces:wall,wall,passage,wall,passage,wall seed:dc2c3bdb749ca175
cell(1320,-611)=faces:wall,passage,passage,wall,wall,wall seed:136e06c746ede460
cell(1321,-611)=faces:wall,passage,wall,wall,passage,wall seed:77ba2fd0f6d572b6
cell(1322,-611)=faces:wall,wall,wall,wall,passage,passage seed:339953db4395e6c3
cell(1323,-611)=faces:passage,wall,passage,wall,wall,wall seed:0129b0248aef4481
cell(1324,-611)=faces:passage,wall,wall,passage,passage,passage seed:de5579b9e795f460
cell(1325,-611)=faces:wall,passage,passage,passage,wall,wall seed:8daf0cbcfb10aab7
cell(1326,-611)=faces:passage,wall,passage,wall,passage,wall seed:6a8dbd1a8210c20d
cell(1327,-611)=faces:passage,wall,passage,passage,wall,wall seed:aa9847dfc66f9c92
cell(1328,-611)=faces:passage,wall,passage,passage,passage,wall seed:c880bbb4860d30b6
cell(1329,-611)=faces:wall,passage,passage,passage,wall,passage seed:eb434b59af74649d
cell(1330,-611)=faces:wall,passage,wall,wall,wall,passage seed:710bc3be6102f892
cell(1331,-611)=faces:wall,passage,wall,wall,wall,wall seed:f355d0fc8c6f9285
cell(1320,-610)=faces:passage,passage,wall,wall,wall,wall seed:5749df5691f4b2f4
cell(1321,-610)=faces:passage,passage,wall,passage,passage,wall seed:b77bdeb13d5d8265
cell(1322,-610)=faces:passage,wall,passage,passage,passage,passage seed:dc44da758e982d95
cell(1323,-610)=faces:wall,passage,wall,passage,wall,wall seed:d9e0e2d8c9f5880c
cell(1324,-610)=faces:wall,wall,passage,wall,passage,wall seed:dd19d8c62c5be35d
cell(1325,-610)=faces:passage,passage,wall,wall,passage,wall seed:dfc7606471abb496
cell(1326,-610)=faces:wall,wall,wall,passage,wall,wall seed:b8d6ebe906f8c732
cell(1327,-610)=faces:wall,passage,wall,wall,wall,passage seed:f75bd5c66743ba7a
cell(1328,-610)=faces:wall,wall,wall,wall,wall,wall seed:5e4b4fd4eb1eb5f0
cell(1329,-610)=faces:passage,wall,passage,wall,wall,wall seed:8de34b45c11e97e6
cell(1330,-610)=faces:passage,wall,passage,passage,passage,wall seed:5c0bedee7f275433
cell(1320,-609)=faces:wall,passage,wall,wall,wall,wall seed:8646da267679976e
cell(1321,-609)=faces:wall,passage,wall,wall,passage,wall seed:7ba3ca2202dc8314
cell(1322,-609)=faces:passage,wall,passage,wall,passage,wall seed:ab9e7098ca1c21e8
cell(1323,-609)=faces:wall,passage,wall,passage,passage,wall seed:d77c1cef5f873624
cell(1324,-609)=faces:passage,passage,wall,wall,passage,passage seed:533ca9a19d1a6e2d
cell(1325,-609)=faces:wall,wall,wall,passage,wall,passage seed:0b996e6bd9925311
cell(1326,-609)=faces:wall,wall,wall,wall,wall,passage seed:258823844a947b8b
cell(1327,-609)=faces:passage,wall,passage,wall,passage,wall seed:449e7795edb77d2f
cell(1328,-609)=faces:wall,wall,wall,passage,wall,passage seed:468c187b5668a493
cell(1329,-609)=faces:wall,passage,wall,wall,wall,wall seed:ec4e7e57f01b3a62
cell(1320,-608)=faces:wall,passage,wall,passage,wall,passage seed:4cac47e4cde3e72d
cell(1321,-608)=faces:wall,passage,wall,wall,wall,passage seed:9a8889b140eb9ead
cell(1322,-608)=faces:wall,passage,wall,wall,wall,wall seed:3f4002544338c6ce
cell(1323,-608)=faces:wall,passage,wall,wall,passage,wall seed:c8f32afa95580d40
cell(1324,-608)=faces:wall,wall,passage,wall,wall,wall seed:5890b7d3b42fc70e
cell(1325,-608)=faces:passage,wall,passage,wall,passage,wall seed:b7e13e9385802669
cell(1326,-608)=faces:wall,passage,passage,passage,wall,wall seed:ee6bcf2a3c776e83
cell(1327,-608)=faces:wall,wall,wall,wall,wall,wall seed:ecda7e3434366337
cell(1328,-608)=faces:wall,wall,passage,wall,passage,passage seed:d3f32a5685867deb
cell(1320,-607)=faces:wall,wall,passage,wall,passage,wall seed:b8bfb090f874250d
cell(1321,-607)=faces:wall,wall,passage,wall,passage,wall seed:d6cc6959d74ad474
cell(1322,-607)=faces:wall,passage,wall,wall,wall,wall seed:e0114950c6f5feb2
cell(1323,-607)=faces:passage,wall,wall,wall,passage,passage seed:a187c266f5b9058b
cell(1324,-607)=faces:wall,passage,wall,passage,wall,passage seed:a8a9c89baa7522d9
cell(1325,-607)=faces:wall,wall,wall,wall,wall,wall seed:2fa3fa1f3508f554
cell(1326,-607)=faces:passage,wall,wall,wall,wall,wall seed:e6d8f95e12db0973
cell(1327,-607)=faces:wall,passage,wall,passage,wall,wall seed:1a2a910e4f1249a6
cell(1320,-606)=faces:passage,passage,wall,wall,wall,wall seed:ededac7e3f04be09
cell(1321,-606)=faces:passage,wall,wall,passage,wall,wall seed:a40a9c11b86e7218
cell(1322,-606)=faces:wall,passage,wall,passage,wall,wall seed:ef873bfb8ea01deb
cell(1323,-606)=faces:wall,wall,passage,wall,wall,passage seed:b4f27e98b0ef9b27
cell(1324,-606)=faces:passage,wall,passage,wall,wall,wall seed:678b6736ea4bb22a
cell(1325,-606)=faces:passage,wall,wall,passage,passage,wall seed:5623012baf6ee3f0
cell(1326,-606)=faces:wall,wall,wall,passage,wall,wall seed:487c2d5d651b1410
## single-weight-growing_tree
chunk(103,0).algorithm=growing_tree
cell(1339,-624)=faces:passage,passage,wall,passage,wall,passage seed:3fc6cc44afb8bd78
cell(1340,-624)=faces:passage,wall,wall,passage,passage,wall seed:cdada123f55c155b
cell(1341,-624)=faces:wall,wall,wall,passage,wall,wall seed:3065297ee4c6a8ae
cell(1342,-624)=faces:passage,wall,wall,wall,wall,wall seed:14c4447138e9b90c
cell(1343,-624)=faces:passage,wall,wall,passage,wall,wall seed:e18f2ff21b80a8e1
cell(1344,-624)=faces:passage,wall,passage,passage,wall,wall seed:f52055707fe78e43
cell(1345,-624)=faces:wall,wall,wall,passage,wall,passage seed:0ca23ed7b8ec57fb
cell(1338,-623)=faces:passage,wall,wall,passage,wall,wall seed:58585a4cd8546685
cell(1339,-623)=faces:passage,passage,passage,passage,wall,wall seed:aab73d66ace9be23
cell(1340,-623)=faces:wall,wall,wall,passage,wall,passage seed:e09b6dbe744824d2
cell(1341,-623)=faces:wall,wall,wall,wall,passage,wall seed:861d143ab7a60c38
cell(1342,-623)=faces:wall,wall,wall,wall,wall,passage seed:fd9fdf0ea04cfcd6
cell(1343,-623)=faces:wall,wall,wall,wall,wall,passage seed:b6c9241731e3ab7c
cell(1344,-623)=faces:wall,wall,wall,wall,wall,passage seed:b500044b7c52cb2f
cell(1345,-623)=faces:wall,wall,passage,wall,wall,passage seed:304ded6874f28944
cell(1337,-622)=faces:wall,wall,wall,wall,passage,wall seed:2b7b611c733407f0
cell(1338,-622)=faces:passage,wall,wall,wall,wall,passage seed:1417a0713c24e615
cell(1339,-622)=faces:wall,wall,wall,passage,wall,passage seed:b9451d6d1fef1bd2
cell(1340,-622)=faces:passage,passage,passage,wall,wall,passage seed:7796ae46338994cb
cell(1341,-622)=faces:wall,wall,wall,passage,wall,wall seed:ceee28f16ccba038
cell(1342,-622)=faces:passage,wall,passage,wall,passage,wall seed:9342e3e99e8d1652
cell(1343,-622)=faces:wall,wall,passage,passage,wall,passage seed:f3a50f94e4572cb3
cell(1344,-622)=faces:passage,wall,passage,wall,passage,passage seed:7a03bfa8efb869ce
cell(1345,-622)=faces:wall,wall,passage,passage,passage,passage seed:50f49ba233a57f45
cell(1336,-621)=faces:passage,passage,wall,wall,passage,wall seed:a8a89159d216b125
cell(1337,-621)=faces:wall,wall,wall,passage,wall,passage seed:0ac5f8fe51502bde
cell(1338,-621)=faces:wall,wall,passage,wall,wall,wall seed:b3f322b47fe45b99
cell(1339,-621)=faces:wall,wall,passage,wall,passage,wall seed:73ff52d132b8d4a2
cell(1340,-621)=faces:wall,wall,passage,wall,passage,passage seed:eabf55bd707dfc72
cell(1341,-621)=faces:wall,passage,wall,wall,passage,wall seed:fe418458aa1e4117
cell(1342,-621)=faces:wall,wall,wall,wall,wall,passage seed:5757effa7c9d4653
cell(1343,-621)=faces:wall,passage,passage,wall,passage,wall seed:ee49b067be0ee295
cell(1344,-621)=faces:passage,passage,passage,wall,wall,wall seed:ac467c9582a6ce2a
cell(1345,-621)=faces:passage,wall,passage,passage,wall,passage seed:bd621e1c1d9669da
cell(1335,-620)=faces:passage,passage,passage,wall,passage,wall seed:a6ed2a2d1a02f146
cell(1336,-620)=faces:passage,wall,wall,passage,wall,passage seed:7028caa4b3644614
cell(1337,-620)=faces:wall,wall,passage,passage,wall,passage seed:a239366eac5594ec
cell(1338,-620)=faces:passage,passage,wall,wall,wall,wall seed:ee888543a9ed2561
cell(1339,-620)=faces:wall,passage,wall,passage,wall,passage seed:95341fe8e92282b5
cell(1340,-620)=faces:wall,passage,passage,wall,wall,wall seed:32240abd8b41989e
cell(1341,-620)=faces:passage,wall,wall,wall,wall,wall seed:213adb0f2ad506df
cell(1342,-620)=faces:passage,passage,passage,passage,passage,wall seed:b5034f01349d58a9
cell(1343,-620)=faces:passage,wall,wall,passage,wall,wall seed:77be878772922980
cell(1344,-620)=faces:passage,wall,wall,passage,passage,passage seed:2fcd21ee2764b4ec
cell(1345,-620)=faces:passage,wall,passage,passage,wall,passage seed:612126ede4f3d100
cell(1334,-619)=faces:wall,passage,wall,wall,passage,passage seed:0246ea8ab355b0e8
cell(1335,-619)=faces:wall,wall,wall,wall,passage,wall seed:e788e2b6da923aab
cell(1336,-619)=faces:wall,wall,passage,wall,wall,passage seed:c9b3cb7c4a8d785d
cell(1337,-619)=faces:wall,wall,passage,wall,passage,wall seed:d66875a3d03a482e
cell(1338,-619)=faces:passage,wall,wall,wall,wall,wall seed:d9d5f2d3e0260d1b
cell(1339,-619)=faces:wall,wall,passage,passage,passage,wall seed:6210f0bddc80f17c
cell(1340,-619)=faces:passage,wall,wall,wall,passage,passage seed:0884a1bcd972f95f
cell(1341,-619)=faces:passage,passage,wall,passage,wall,wall seed:7836501380c4e448
cell(1342,-619)=faces:passage,wall,wall,passage,wall,wall seed:645b8ecf379f1b15
cell(1343,-619)=faces:wall,passage,wall,passage,wall,wall seed:8b77dbfd929006f0
cell(1344,-619)=faces:wall,wall,passage,wall,wall,passage seed:0f3a472bcd11f3f8
cell(1345,-619)=faces:wall,wall,passage,wall,wall,passage seed:c04872fd80e9faca
cell(1333,-618)=faces:wall,passage,wall,wall,wall,passage seed:073eaab40b68ff81
cell(1334,-618)=faces:wall,passage,passage,wall,wall,passage seed:473a8e3dc09af466
cell(1335,-618)=faces:passage,wall,wall,wall,wall,wall seed:04ed9df96a0389c4
cell(1336,-618)=faces:wall,passage,passage,passage,wall,wall seed:176b2a63e9a4083b
cell(1337,-618)=faces:passage,wall,wall,wall,wall,wall seed:34efd80a2d6bf19f
cell(1338,-618)=faces:passage,passage,wall,passage,wall,wall seed:4dbcc62f5dbc990f
cell(1339,-618)=faces:wall,passage,wall,passage,wall,passage seed:8aea20c7ddd24cca
cell(1340,-618)=faces:wall,wall,passage,wall,passage,wall seed:12a8edd7882153ed
cell(1341,-618)=faces:passage,wall,wall,wall,passage,wall seed:e983a7a81caa6c6c
cell(1342,-618)=faces:passage,wall,wall,passage,wall,wall seed:6f1b5d9f4a35897c
cell(1343,-618)=faces:wall,wall,wall,passage,wall,passage seed:99bd3dc6f653ccd5
cell(1344,-618)=faces:wall,wall,passage,wall,wall,passage seed:ed2e4d217c1c9180
cell(1345,-618)=faces:wall,wall,passage,wall,wall,wall seed:1171f52ec2723fa3
cell(1333,-617)=faces:passage,wall,passage,wall,passage,passage seed:b1a5b78c8a05cd90
cell(1334,-617)=faces:passage,wall,passage,passage,wall,wall seed:568061e9d0e32b6d
cell(1335,-617)=faces:passage,wall,wall,passage,wall,passage seed:bd858e15a4cd08f0
cell(1336,-617)=faces:passage,wall,wall,passage,passage,wall seed:17f545e27605873d
cell(1337,-617)=faces:passage,wall,wall,passage,wall,wall seed:af7a2b30179853b7
cell(1338,-617)=faces:wall,wall,wall,passage,passage,wall seed:73ac164b502d5ea9
cell(1339,-617)=faces:passage,passage,passage,wall,passage,wall seed:bd8e8ff48192e2da
cell(1340,-617)=faces:wall,passage,wall,passage,passage,wall seed:aff98c02bb29a3e0
cell(1341,-617)=faces:passage,wall,wall,wall,wall,passage seed:3e4ebf2e2c16751c
cell(1342,-617)=faces:passage,wall,wall,passage,wall,wall seed:6482cc8dd9248c22
cell(1343,-617)=faces:wall,wall,passage,passage,wall,passage seed:1b3692050be4458a
cell(1344,-617)=faces:wall,wall,passage,wall,wall,wall seed:c39c42a20f8fdd66
cell(1333,-616)=faces:passage,wall,passage,wall,wall,wall seed:4c4efb05188fc6a1
cell(1334,-616)=faces:wall,wall,wall,passage,passage,wall seed:81da71896c3ce4c0
cell(1335,-616)=faces:wall,passage,passage,wall,wall,wall seed:0b0e25d6f39238c9
cell(1336,-616)=faces:wall,wall,wall,wall,wall,wall seed:b1ea72f0d9e4b58b
cell(1337,-616)=faces:passage,passage,wall,wall,wall,wall seed:c51ec8624d3ce3be
cell(1338,-616)=faces:passage,passage,wall,passage,wall,passage seed:0c83931a6d27e710
cell(1339,-616)=faces:passage,passage,wall,passage,passage,wall seed:d30aa61a51c82a31
cell(1340,-616)=faces:passage,wall,wall,passage,wall,wall seed:5602fe2e91cf67e3
cell(1341,-616)=faces:passage,wall,passage,passage,wall,passage seed:e76ca7aef94564d1
cell(1342,-616)=faces:wall,wall,wall,passage,wall,passage seed:2277c30b4e876ade
cell(1343,-616)=faces:wall,wall,passage,wall,wall,passage seed:3f6bcb767fcbd476
cell(1333,-615)=faces:wall,passage,wall,wall,wall,passage seed:49f909ec100c0828
cell(1334,-615)=faces:wall,wall,wall,wall,wall,wall seed:86f1bfaff0d3ff8c
cell(1335,-615)=faces:wall,wall,wall,wall,wall,wall seed:3d22b9aea932e5a6
cell(1336,-615)=faces:passage,wall,wall,wall,wall,wall seed:e381f17591f8953f
cell(1337,-615)=faces:wall,wall,wall,passage,passage,wall seed:a82b1ff4f68cf202
cell(1338,-615)=faces:wall,passage,passage,wall,passage,wall seed:832fc42b3e1d6798
cell(1339,-615)=faces:wall,wall,wall,wall,wall,wall seed:3158df849457f272
cell(1340,-615)=faces:wall,wall,wall,wall,wall,wall seed:6fda003d80e2c608
cell(1341,-615)=faces:wall,wall,passage,wall,wall,wall seed:6177744bf647fcce
cell(1342,-615)=faces:wall,wall,passage,wall,passage,passage seed:be6f5706ace781cc
cell(1333,-614)=faces:passage,wall,passage,passage,wall,wall seed:90528e5f56715487
cell(1334,-614)=faces:passage,wall,wall,passage,passage,wall seed:e9d83ae8960916e1
cell(1335,-614)=faces:wall,wall,wall,passage,passage,passage seed:3609d0048d4ae008
cell(1336,-614)=faces:passage,passage,wall,wall,wall,wall seed:94844380e18b3c1d
cell(1337,-614)=faces:wall,passage,wall,passage,passage,wall seed:c5f45f846b6b80cb
cell(1338,-614)=faces:passage,wall,wall,wall,passage,wall seed:fcae2599e508c829
cell(1339,-614)=faces:passage,wall,wall,passage,wall,wall seed:e12c7e636347ff01
cell(1340,-614)=faces:wall,wall,wall,passage,wall,wall seed:144509fe859d6704
cell(1341,-614)=faces:wall,passage,wall,wall,passage,wall seed:fc070e90b0c3a886
cell(1333,-613)=faces:wall,passage,wall,passage,wall,wall seed:c247983467f1095d
cell(1334,-613)=faces:wall,passage,wall,wall,wall,passage seed:edfa07886f7ba5e1
cell(1335,-613)=faces:passage,wall,passage,wall,passage,passage seed:e2ff83254973306a
cell(1336,-613)=faces:passage,passage,wall,passage,passage,passage seed:530f34ff2e107a03
cell(1337,-613)=faces:wall,passage,wall,passage,passage,wall seed:13b7ef492dcd8a26
cell(1338,-613)=faces:wall,wall,wall,wall,wall,wall seed:7502604adfd73262
cell(1339,-613)=faces:wall,wall,wall,wall,passage,passage seed:aff9d87a37bb722b
cell(1340,-613)=faces:wall,passage,wall,wall,passage,wall seed:019a43dc8373d837
cell(1333,-612)=faces:passage,wall,wall,wall,wall,passage seed:b2a14975e12ee4ef
cell(1334,-612)=faces:wall,passage,passage,passage,wall,wall seed:41761e0793f5e0c7
cell(1335,-612)=faces:wall,passage,passage,wall,wall,wall seed:e00a2bf1fd574a3c
cell(1336,-612)=faces:wall,passage,passage,wall,wall,wall seed:ce6c36e54495ed2a
cell(1337,-612)=faces:passage,wall,wall,wall,passage,wall seed:eb1acae478097149
cell(1338,-612)=faces:wall,passage,wall,passage,wall,wall seed:6d0c4dcc35b8b2b0
cell(1339,-612)=faces:wall,passage,passage,wall,passage,passage seed:779b6e98386de069
## single-weight-wilson_walk
chunk(104,0).algorithm=wilson_walk
cell(1352,-630)=faces:wall,wall,wall,wall,passage,passage seed:7f7b3aae6bdacb52
cell(1353,-630)=faces:passage,wall,passage,wall,passage,passage seed:5270223d34057a37
cell(1354,-630)=faces:passage,wall,wall,passage,passage,wall seed:aadb629844e6896d
cell(1355,-630)=faces:passage,wall,wall,passage,passage,wall seed:3d7f188865e2ddda
cell(1356,-630)=faces:wall,passage,wall,passage,wall,wall seed:4c6e50802034e553
cell(1357,-630)=faces:passage,wall,wall,wall,wall,wall seed:79876167976d588e
cell(1358,-630)=faces:passage,wall,wall,passage,wall,passage seed:99aa5aae99d6ce75
cell(1351,-629)=faces:wall,passage,passage,wall,wall,passage seed:5a57e37b838241fb
cell(1352,-629)=faces:wall,passage,passage,wall,wall,wall seed:521b9ccb973934ef
cell(1353,-629)=faces:passage,passage,passage,wall,wall,wall seed:63781f81b9d74e1f
cell(1354,-629)=faces:wall,passage,wall,passage,wall,wall seed:6f407ccccd2077e6
cell(1355,-629)=faces:wall,wall,wall,wall,wall,wall seed:a882e1158c53d2b5
cell(1356,-629)=faces:wall,wall,wall,wall,passage,wall seed:d52468c315954ce8
cell(1357,-629)=faces:passage,wall,wall,wall,passage,passage seed:9ba98055944b5079
cell(1358,-629)=faces:wall,wall,passage,passage,wall,wall seed:2c0fbaaec4512ffd
cell(1350,-628)=faces:passage,wall,wall,wall,wall,passage seed:525523e683cc486b
cell(1351,-628)=faces:wall,wall,passage,passage,wall,passage seed:5d4d92055b7d7690
cell(1352,-628)=faces:wall,wall,wall,wall,wall,wall seed:b7833f73b773be3c
cell(1353,-628)=faces:wall,wall,wall,wall,passage,wall seed:2efdd0520a657c6e
cell(1354,-628)=faces:wall,wall,wall,wall,passage,wall seed:7dd05d1b15754084
cell(1355,-628)=faces:wall,passage,wall,wall,passage,wall seed:0eee2c52f178dc82
cell(1356,-628)=faces:passage,passage,wall,wall,wall,wall seed:5fbb00b13b1aa132
cell(1357,-628)=faces:passage,wall,passage,passage,passage,passage seed:6e5b07cb185e70fb
cell(1358,-628)=faces:passage,wall,wall,passage,wall,wall seed:78c93395b8e668e7
cell(1349,-627)=faces:wall,wall,wall,wall,wall,passage seed:06bfedcb518a3aab
cell(1350,-627)=faces:wall,wall,passage,wall,passage,wall seed:2f48bb964516bdec
cell(1351,-627)=faces:passage,wall,passage,wall,wall,passage seed:a5c4b4f4446d9802
cell(1352,-627)=faces:passage,passage,wall,passage,wall,wall seed:2d4ebb534b803250
cell(1353,-627)=faces:passage,passage,wall,passage,wall,wall seed:c6ede473252e6a84
cell(1354,-627)=faces:wall,passage,wall,passage,passage,passage seed:b8a910b5866a0c3b
cell(1355,-627)=faces:wall,wall,wall,wall,wall,wall seed:1186841b3236db68
cell(1356,-627)=faces:wall,passage,wall,wall,passage,wall seed:fbbf165f433a61da
cell(1357,-627)=faces:passage,wall,passage,wall,passage,passage seed:f8092f22b4e7a18e
cell(1358,-627)=faces:passage,wall,wall,passage,passage,passage seed:bed8064a355ca066
cell(1348,-626)=faces:passage,wall,wall,wall,wall,passage seed:448edff91301fa62
cell(1349,-626)=faces:passage,passage,passage,passage,wall,wall seed:64ad91df3318a9c0
cell(1350,-626)=faces:wall,wall,wall,passage,wall,wall seed:6b3d8f0ca7a6324f
cell(1351,-626)=faces:passage,wall,passage,wall,passage,wall seed:2b0074729ae4283b
cell(1352,-626)=faces:passage,wall,wall,passage,passage,passage seed:d0b8b0bc185590bb
cell(1353,-626)=faces:wall,passage,wall,passage,wall,wall seed:f992a8fa660c4c37
cell(1354,-626)=faces:wall,wall,passage,wall,wall,passage seed:4a7cfefb0be0af8e
cell(1355,-626)=faces:wall,passage,wall,wall,passage,wall seed:294d9f71e57e23be
cell(1356,-626)=faces:passage,passage,wall,wall,passage,wall seed:08fe9cfa04dd4573
cell(1357,-626)=faces:passage,passage,passage,passage,passage,wall seed:f9b3d78564586831
cell(1358,-626)=faces:wall,wall,passage,passage,wall,passage seed:4251619bf87df153
cell(1347,-625)=faces:passage,wall,passage,wall,passage,wall seed:3262de22c0e5b9fb
cell(1348,-625)=faces:passage,wall,passage,passage,wall,wall seed:ac0cd8e57e35c2d0
cell(1349,-625)=faces:wall,wall,wall,passage,wall,wall seed:da0c6110540c1138
cell(1350,-625)=faces:wall,passage,wall,wall,wall,passage seed:52a3d6658d7ccf1d
cell(1351,-625)=faces:wall,passage,wall,wall,wall,passage seed:7e1c8428f3aadb08
cell(1352,-625)=faces:wall,wall,passage,wall,wall,wall seed:4df1b00c4131d96b
cell(1353,-625)=faces:wall,wall,wall,wall,passage,wall seed:19d6e794943d7bda
cell(1354,-625)=faces:wall,passage,passage,wall,wall,passage seed:ff5510ad406337c6
cell(1355,-625)=faces:wall,passage,wall,wall,passage,passage seed:c5844e561e84f850
cell(1356,-625)=faces:wall,passage,wall,wall,wall,wall seed:0bac52f39d812449
cell(1357,-625)=faces:passage,wall,wall,wall,wall,passage seed:bd05c31f67b851de
cell(1358,-625)=faces:wall,wall,passage,passage,wall,wall seed:4cff5f8bf75ac832
cell(1346,-624)=faces:passage,passage,wall,wall,wall,wall seed:2b56832f07c15477
cell(1347,-624)=faces:wall,wall,wall,passage,passage,wall seed:8843b69df830b1e5
cell(1348,-624)=faces:wall,wall,wall,wall,wall,wall seed:d1af58bf21c5f447
cell(1349,-624)=faces:passage,wall,wall,wall,passage,wall seed:434c74ff960af994
cell(1350,-624)=faces:wall,wall,passage,passage,wall,wall seed:5e74e0004efe58c3
cell(1351,-624)=faces:wall,wall,passage,wall,wall,wall seed:b55f298eacb13cec
cell(1352,-624)=faces:wall,passage,wall,wall,passage,wall seed:f78981fd86edddde
cell(1353,-624)=faces:passage,wall,wall,wall,passage,wall seed:9ffabfbd1049fc7d
cell(1354,-624)=faces:passage,passage,passage,passage,wall,passage seed:177b8e5cfa6a26e4
cell(1355,-624)=faces:passage,wall,passage,passage,wall,passage seed:5da5ad6accdd71ee
cell(1356,-624)=faces:wall,wall,wall,passage,wall,passage seed:175885cb5b45d0f5
cell(1357,-624)=faces:passage,wall,passage,wall,passage,wall seed:7be21d90dd3e4cff
cell(1358,-624)=faces:wall,wall,wall,passage,wall,wall seed:a93850d2e8ef24df
cell(1346,-623)=faces:passage,passage,wall,wall,wall,passage seed:7474473e256480af
cell(1347,-623)=faces:passage,wall,wall,passage,wall,wall seed:c06e20419dd94bbc
cell(1348,-623)=faces:passage,passage,wall,passage,wall,wall seed:e411afe2258dc956
cell(1349,-623)=faces:wall,wall,wall,passage,wall,wall seed:41bad49f7b988996
cell(1350,-623)=faces:passage,wall,wall,wall,passage,wall seed:cbc750e814410419
cell(1351,-623)=faces:wall,passage,wall,passage,wall,wall seed:ee72b61dcb93ab66
cell(1352,-623)=faces:passage,passage,wall,wall,wall,passage seed:9ad0a60814ef8e92
cell(1353,-623)=faces:wall,wall,wall,passage,wall,wall seed:00be82ea58148c8c
cell(1354,-623)=faces:passage,wall,passage,wall,wall,wall seed:b186f3d1bd2d93b9
cell(1355,-623)=faces:wall,wall,passage,passage,wall,passage seed:2705078818cd1891
cell(1356,-623)=faces:passage,passage,passage,wall,wall,wall seed:54984c973d0e674e
cell(1357,-623)=faces:passage,wall,wall,passage,wall,wall seed:8d6a4e36ecf2d4f8
cell(1346,-622)=faces:wall,wall,passage,wall,wall,wall seed:b02ea6b837640319
cell(1347,-622)=faces:wall,wall,wall,wall,passage,passage seed:8cb29f12adf0e629
cell(1348,-622)=faces:passage,wall,wall,wall,wall,wall seed:ea9a0cdbb61b72b4
cell(1349,-622)=faces:wall,passage,wall,passage,wall,passage seed:cc2f3db217526021
cell(1350,-622)=faces:wall,wall,wall,wall,passage,passage seed:1b52ec34c85d39c0
cell(1351,-622)=faces:passage,wall,wall,wall,passage,wall seed:a6640b36c79ec9d0
cell(1352,-622)=faces:wall,wall,passage,passage,passage,passage seed:3b093dcd2cc8013e
cell(1353,-622)=faces:wall,wall,wall,wall,wall,wall seed:e2f72bfc5eb65814
cell(1354,-622)=faces:wall,wall,wall,wall,wall,passage seed:2eec134b9a264dd1
cell(1355,-622)=faces:wall,wall,passage,wall,wall,passage seed:10071f2622b666c9
cell(1356,-622)=faces:wall,wall,wall,wall,passage,wall seed:57a7d7b2953d1898
cell(1346,-621)=faces:wall,passage,wall,passage,wall,wall seed:6b306dca5ade74db
cell(1347,-621)=faces:passage,wall,passage,wall,wall,wall seed:05aa503bc9d7a3d3
cell(1348,-621)=faces:passage,wall,wall,passage,passage,wall seed:0c48e3ec10d677d6
cell(1349,-621)=faces:wall,passage,passage,passage,wall,wall seed:f154e24e86dfd574
cell(1350,-621)=faces:wall,passage,passage,wall,wall,passage seed:f93862ffae96b48b
cell(1351,-621)=faces:passage,passage,wall,wall,wall,wall seed:cb7405280c2fcded
cell(1352,-621)=faces:passage,wall,passage,passage,passage,passage seed:0b963c5ce0255380
cell(1353,-621)=faces:wall,wall,wall,passage,wall,passage seed:8658dc82d892b6ed
cell(1354,-621)=faces:wall,wall,passage,wall,wall,passage seed:5d5391361e2c0896
cell(1355,-621)=faces:wall,passage,passage,wall,passage,wall seed:c11ce83eaae68551
cell(1346,-620)=faces:passage,wall,wall,passage,wall,passage seed:0da83637125b5d24
cell(1347,-620)=faces:wall,passage,wall,passage,passage,wall seed:5be64f1cad174e39
cell(1348,-620)=faces:wall,wall,wall,wall,wall,passage seed:fa76790a55ec08a3
cell(1349,-620)=faces:wall,wall,wall,wall,wall,passage seed:2debae12cfd4f9c1
cell(1350,-620)=faces:passage,wall,passage,wall,passage,wall seed:d2648060c4319f83
cell(1351,-620)=faces:wall,passage,wall,passage,passage,wall seed:05930395795594ad
cell(1352,-620)=faces:wall,wall,passage,wall,passage,wall seed:45d26c6ce2ad5e91
cell(1353,-620)=faces:passage,wall,passage,wall,wall,passage seed:0ef01c7667350bd3
cell(1354,-620)=faces:wall,passage,passage,passage,wall,wall seed:dc857e3d36344d6f
cell(1346,-619)=faces:wall,passage,passage,wall,wall,passage seed:36ba047e5b7cef51
cell(1347,-619)=faces:passage,wall,wall,wall,wall,passage seed:c20b09ae72c6710e
cell(1348,-619)=faces:passage,wall,passage,passage,wall,wall seed:7ab7ebad4b21b24b
cell(1349,-619)=faces:wall,passage,passage,passage,wall,wall seed:71d49f028e6d6e9d
cell(1350,-619)=faces:wall,passage,wall,wall,passage,passage seed:8b8953b1ef07a2a6
cell(1351,-619)=faces:wall,passage,wall,wall,wall,wall seed:2c01b5b53503f955
cell(1352,-619)=faces:wall,wall,wall,wall,wall,wall seed:ccb1ce3dd01ee289
cell(1353,-619)=faces:wall,wall,passage,wall,passage,wall seed:5b86223ec5104246
cell(1346,-618)=faces:passage,wall,passage,wall,wall,passage seed:56c3d21829b4bc9a
cell(1347,-618)=faces:passage,wall,passage,passage,wall,wall seed:7705fd9159d32a68
cell(1348,-618)=faces:wall,wall,wall,passage,passage,wall seed:1afacc065c434df6
cell(1349,-618)=faces:wall,passage,wall,wall,wall,wall seed:6ff72c7e913b011e
cell(1350,-618)=faces:passage,wall,passage,wall,wall,passage seed:b93c3de36385893e
cell(1351,-618)=faces:passage,wall,wall,passage,wall,wall seed:d572aa77cb8fa02c
cell(1352,-618)=faces:passage,passage,wall,passage,wall,wall seed:78e387ee0d9c70d3
